// Jest Snapshot v1, https://goo.gl/fbAQLP

exports[`SidePanel.vue has the expected html structure 1`] = `
<div
  class="sidePanel actions"
>
  <!---->
   
  <!---->
   
  <!---->
   
  <!---->
</div>
`;
